Generating essays for top 20 cells...
[1/20] rank=20 seed=302238 voice=STRUCTURALIST lore=1179c
[2/20] rank=22 seed=662290 voice=PHILOSOPHICAL lore=1144c
[3/20] rank=21 seed=550551 voice=STRUCTURALIST lore=1117c
[4/20] rank=24 seed=6426315 voice=STRUCTURALIST lore=1178c
[5/20] rank=25 seed=7118707 voice=NARRATIVIST lore=1134c
[6/20] rank=23 seed=2184160 voice=STRUCTURALIST lore=1098c
[7/20] rank=26 seed=13694761 voice=STRUCTURALIST lore=1174c
[8/20] rank=27 seed=152417070 voice=STRUCTURALIST lore=1271c
[9/20] rank=28 seed=11414805 voice=WITNESS lore=2000c
[10/20] rank=29 seed=16777171 voice=STRUCTURALIST lore=1187c
[11/20] rank=30 seed=39509 voice=STRUCTURALIST lore=1130c
[12/20] rank=31 seed=69006 voice=STRUCTURALIST lore=1484c
[13/20] rank=32 seed=11751601 voice=STRUCTURALIST lore=1322c
[14/20] rank=34 seed=1668051 voice=STRUCTURALIST lore=1107c
[15/20] rank=35 seed=18994366 voice=WITNESS lore=1172c
[16/20] rank=36 seed=326028 voice=FUTURIST lore=2000c
[17/20] rank=37 seed=1955253 voice=STRUCTURALIST lore=1278c
[18/20] rank=38 seed=67108827 voice=STRUCTURALIST lore=1094c
[19/20] rank=39 seed=271216 voice=STRUCTURALIST lore=1156c

Generated 19 essays
