Starting v9 expansion. Existing: 0 entries
Will generate ~100 more entries
[LYRICIST_V6] seed=45919340:
  comp=0.483
[LYRICIST_V6] seed=1504276:
  comp=0.337
[LYRICIST_V6] seed=6358192:
  comp=0.433
[LYRICIST_V6] seed=18437566:
  comp=0.380
[LYRICIST_V6] seed=45919340:
  comp=0.397
[NOIR_CLASSIC_V6] seed=45919340:
  comp=0.530
[NOIR_CLASSIC_V6] seed=1504276:
  comp=0.527
[NOIR_CLASSIC_V6] seed=6358192:
  comp=0.543
[NOIR_CLASSIC_V6] seed=18437566:
  comp=0.550
[NOIR_CLASSIC_V6] seed=45919340:
  comp=0.707
[WITNESS_V6] seed=45919340:
  comp=0.410
[WITNESS_V6] seed=1504276:
  comp=0.557
[WITNESS_V6] seed=6358192:
  comp=0.457
[WITNESS_V6] seed=18437566:
  comp=0.450
[WITNESS_V6] seed=45919340:
  comp=0.393
[STRUCTURALIST_V6] seed=45919340:
  comp=0.547
[STRUCTURALIST_V6] seed=1504276:
  comp=0.460
[STRUCTURALIST_V6] seed=6358192:
  comp=0.463
[STRUCTURALIST_V6] seed=18437566:
  comp=0.487
[STRUCTURALIST_V6] seed=45919340:
  comp=0.563
[FUTURIST_V6] seed=45919340:
  comp=0.593
[FUTURIST_V6] seed=1504276:
  comp=0.583
[FUTURIST_V6] seed=6358192:
  comp=0.423
[FUTURIST_V6] seed=18437566:
  comp=0.553
[FUTURIST_V6] seed=45919340:
  comp=0.630
Saved 25 entries
