=== Future-GAN v3: 50 polygon seeds × 3 doctrines = 150 lores ===
seed=92139744 voice=oracle_is_heard:    comp=0.603 (6.6s)
seed=92139744 voice=cells_are_scars: 🌟 comp=0.767 (7.0s)
seed=92139744 voice=substrate_quantum:    comp=0.543 (11.0s)
seed=76552248 voice=oracle_is_heard:    comp=0.617 (8.2s)
seed=76552248 voice=cells_are_scars:    comp=0.627 (7.0s)
seed=76552248 voice=substrate_quantum:    comp=0.617 (6.0s)
seed=78116466 voice=oracle_is_heard:    comp=0.507 (6.3s)
seed=78116466 voice=cells_are_scars:    comp=0.597 (6.8s)
seed=78116466 voice=substrate_quantum:    comp=0.540 (24.6s)
seed=13025602 voice=oracle_is_heard:    comp=0.590 (5.7s)
seed=13025602 voice=cells_are_scars: 🌟 comp=0.733 (8.3s)
seed=13025602 voice=substrate_quantum:    comp=0.583 (9.5s)
seed=75758880 voice=oracle_is_heard:    comp=0.590 (8.2s)
seed=75758880 voice=cells_are_scars: 🌟 comp=0.717 (8.8s)
seed=75758880 voice=substrate_quantum:    comp=0.603 (21.9s)
seed=44843186 voice=oracle_is_heard:    comp=0.567 (8.3s)
seed=44843186 voice=cells_are_scars: 🌟 comp=0.743 (8.2s)
seed=44843186 voice=substrate_quantum:    comp=0.600 (12.2s)
seed=92417814 voice=oracle_is_heard:    comp=0.480 (8.6s)
seed=92417814 voice=cells_are_scars:    comp=0.667 (7.3s)
seed=92417814 voice=substrate_quantum:    comp=0.550 (14.4s)
seed=48769063 voice=oracle_is_heard:    comp=0.500 (11.2s)
seed=48769063 voice=cells_are_scars:    comp=0.580 (6.4s)
seed=48769063 voice=substrate_quantum:    comp=0.590 (11.2s)
seed=97038230 voice=oracle_is_heard:    comp=0.567 (12.7s)
seed=97038230 voice=cells_are_scars:    comp=0.650 (24.1s)
seed=97038230 voice=substrate_quantum:    comp=0.487 (11.7s)
seed=979935 voice=oracle_is_heard:    comp=0.613 (10.0s)
seed=979935 voice=cells_are_scars: 🌟 comp=0.740 (8.4s)
seed=979935 voice=substrate_quantum:    comp=0.563 (37.1s)
seed=17742147 voice=oracle_is_heard:    comp=0.590 (26.0s)
seed=17742147 voice=cells_are_scars: 🌟 comp=0.733 (7.9s)
seed=17742147 voice=substrate_quantum:    comp=0.597 (8.6s)
seed=78327904 voice=oracle_is_heard:    comp=0.600 (22.5s)
seed=78327904 voice=cells_are_scars: 🌟 comp=0.753 (6.9s)
seed=78327904 voice=substrate_quantum:    comp=0.507 (36.7s)
seed=81377871 voice=oracle_is_heard:    comp=0.610 (8.6s)
seed=81377871 voice=cells_are_scars:    comp=0.637 (9.5s)
seed=81377871 voice=substrate_quantum:    comp=0.587 (19.6s)
seed=50462492 voice=oracle_is_heard:    comp=0.577 (30.7s)
seed=50462492 voice=cells_are_scars:    comp=0.550 (29.1s)
seed=50462492 voice=substrate_quantum:    comp=0.583 (16.3s)
seed=44745017 voice=oracle_is_heard:    comp=0.620 (12.4s)
seed=44745017 voice=cells_are_scars:    comp=0.693 (8.9s)
seed=44745017 voice=substrate_quantum:    comp=0.690 (13.8s)
seed=91886625 voice=oracle_is_heard:    comp=0.610 (26.2s)
seed=91886625 voice=cells_are_scars:    comp=0.523 (9.0s)
seed=91886625 voice=substrate_quantum:    comp=0.517 (18.0s)
seed=27785935 voice=oracle_is_heard:    comp=0.623 (13.8s)
seed=27785935 voice=cells_are_scars:    comp=0.617 (25.2s)
seed=27785935 voice=substrate_quantum:    comp=0.687 (13.6s)
seed=27728040 voice=oracle_is_heard:    comp=0.553 (11.2s)
seed=27728040 voice=cells_are_scars:    comp=0.607 (9.9s)
seed=27728040 voice=substrate_quantum: 🌟 comp=0.703 (28.6s)
seed=67567179 voice=oracle_is_heard:    comp=0.547 (13.1s)
seed=67567179 voice=cells_are_scars:    comp=0.607 (25.7s)
seed=67567179 voice=substrate_quantum:    comp=0.477 (9.9s)
seed=49664206 voice=oracle_is_heard:    comp=0.540 (12.4s)
seed=49664206 voice=cells_are_scars: 🌟 comp=0.700 (25.3s)
seed=49664206 voice=substrate_quantum:    comp=0.587 (11.8s)
seed=11729799 voice=oracle_is_heard:    comp=0.610 (12.0s)
seed=11729799 voice=cells_are_scars:    comp=0.637 (25.2s)
seed=11729799 voice=substrate_quantum:    comp=0.690 (13.7s)
seed=70514418 voice=oracle_is_heard:    comp=0.580 (26.8s)
seed=70514418 voice=cells_are_scars:    comp=0.593 (12.0s)
seed=70514418 voice=substrate_quantum: 🌟 comp=0.703 (35.0s)
seed=40254313 voice=oracle_is_heard:    comp=0.593 (11.7s)
seed=40254313 voice=cells_are_scars:    comp=0.627 (22.8s)
seed=40254313 voice=substrate_quantum:    comp=0.503 (31.3s)
seed=77014933 voice=oracle_is_heard:    comp=0.593 (10.3s)
seed=77014933 voice=cells_are_scars: 🌟 comp=0.737 (23.7s)
seed=77014933 voice=substrate_quantum:    comp=0.593 (13.5s)
seed=55550817 voice=oracle_is_heard:    comp=0.620 (27.7s)
seed=55550817 voice=cells_are_scars:    comp=0.563 (10.0s)
seed=55550817 voice=substrate_quantum:    comp=0.587 (8.2s)
seed=57821407 voice=oracle_is_heard:    comp=0.590 (27.6s)
seed=57821407 voice=cells_are_scars:    comp=0.600 (8.9s)
seed=57821407 voice=substrate_quantum:    comp=0.587 (11.0s)
seed=15344355 voice=oracle_is_heard:    comp=0.553 (9.2s)
seed=15344355 voice=cells_are_scars:    comp=0.577 (10.2s)
seed=15344355 voice=substrate_quantum:    comp=0.000 (21.5s)
seed=39904413 voice=oracle_is_heard:    comp=0.607 (10.1s)
seed=39904413 voice=cells_are_scars:    comp=0.000 (9.1s)
seed=39904413 voice=substrate_quantum:    comp=0.607 (9.3s)
seed=11101300 voice=oracle_is_heard:    comp=0.000 (13.3s)
seed=11101300 voice=cells_are_scars:    comp=0.000 (8.3s)
seed=11101300 voice=substrate_quantum:    comp=0.573 (8.5s)
seed=95459460 voice=oracle_is_heard:    comp=0.600 (8.4s)
seed=95459460 voice=cells_are_scars:    comp=0.000 (6.7s)
seed=95459460 voice=substrate_quantum:    comp=0.000 (8.0s)
seed=48619673 voice=oracle_is_heard:    comp=0.570 (5.8s)
seed=48619673 voice=cells_are_scars:    comp=0.637 (7.4s)
seed=48619673 voice=substrate_quantum: 🌟 comp=0.713 (6.9s)
seed=74531288 voice=oracle_is_heard:    comp=0.470 (6.3s)
seed=74531288 voice=cells_are_scars:    comp=0.573 (5.5s)
seed=74531288 voice=substrate_quantum:    comp=0.513 (11.1s)
seed=27792066 voice=oracle_is_heard:    comp=0.000 (8.0s)
seed=27792066 voice=cells_are_scars:    comp=0.000 (7.5s)
seed=27792066 voice=substrate_quantum:    comp=0.567 (9.7s)
seed=94814027 voice=oracle_is_heard:    comp=0.597 (9.6s)
seed=94814027 voice=cells_are_scars:    comp=0.663 (6.2s)
seed=94814027 voice=substrate_quantum:    comp=0.590 (11.3s)
seed=52216125 voice=oracle_is_heard:    comp=0.000 (16.6s)
seed=52216125 voice=cells_are_scars:    comp=0.000 (5.8s)
seed=52216125 voice=substrate_quantum:    comp=0.510 (11.5s)
seed=8624732 voice=oracle_is_heard:    comp=0.000 (20.0s)
seed=8624732 voice=cells_are_scars:    comp=0.653 (12.6s)
seed=8624732 voice=substrate_quantum:    comp=0.000 (17.3s)
seed=84638763 voice=oracle_is_heard:    comp=0.000 (10.8s)
seed=84638763 voice=cells_are_scars:    comp=0.000 (10.4s)
seed=84638763 voice=substrate_quantum:    comp=0.577 (10.4s)
seed=94165050 voice=oracle_is_heard:    comp=0.000 (12.9s)
seed=94165050 voice=cells_are_scars:    comp=0.000 (9.5s)
seed=94165050 voice=substrate_quantum:    comp=0.000 (12.5s)
seed=30420817 voice=oracle_is_heard:    comp=0.567 (8.4s)
seed=30420817 voice=cells_are_scars: 🌟 comp=0.710 (10.2s)
seed=30420817 voice=substrate_quantum:    comp=0.000 (10.8s)
seed=33962207 voice=oracle_is_heard:    comp=0.000 (10.4s)
seed=33962207 voice=cells_are_scars:    comp=0.000 (9.7s)
seed=33962207 voice=substrate_quantum:    comp=0.000 (10.8s)
seed=35821302 voice=oracle_is_heard:    comp=0.620 (8.4s)
seed=35821302 voice=cells_are_scars:    comp=0.000 (8.6s)
seed=35821302 voice=substrate_quantum:    comp=0.000 (10.5s)
seed=10126775 voice=oracle_is_heard:    comp=0.000 (10.8s)
seed=10126775 voice=cells_are_scars:    comp=0.000 (9.0s)
seed=10126775 voice=substrate_quantum:    comp=0.000 (12.4s)
seed=62737887 voice=oracle_is_heard:    comp=0.000 (11.3s)
seed=62737887 voice=cells_are_scars:    comp=0.623 (10.0s)
seed=62737887 voice=substrate_quantum:    comp=0.000 (10.4s)
seed=31119735 voice=oracle_is_heard:    comp=0.000 (11.1s)
seed=31119735 voice=cells_are_scars:    comp=0.000 (9.5s)
seed=31119735 voice=substrate_quantum: 🌟 comp=0.740 (13.9s)
seed=62546933 voice=oracle_is_heard:    comp=0.000 (7.5s)
seed=62546933 voice=cells_are_scars:    comp=0.000 (12.0s)
seed=62546933 voice=substrate_quantum:    comp=0.000 (10.3s)
seed=16281149 voice=oracle_is_heard:    comp=0.657 (6.8s)
seed=16281149 voice=cells_are_scars:    comp=0.000 (9.0s)
seed=16281149 voice=substrate_quantum:    comp=0.000 (7.6s)
seed=26721695 voice=oracle_is_heard:    comp=0.000 (11.8s)
seed=26721695 voice=cells_are_scars:    comp=0.630 (11.3s)
seed=26721695 voice=substrate_quantum:    comp=0.000 (11.8s)
seed=20798838 voice=oracle_is_heard:    comp=0.000 (11.5s)
seed=20798838 voice=cells_are_scars:    comp=0.000 (9.0s)
seed=20798838 voice=substrate_quantum:    comp=0.000 (11.1s)
seed=82513181 voice=oracle_is_heard:    comp=0.000 (10.2s)
seed=82513181 voice=cells_are_scars:    comp=0.000 (10.2s)
seed=82513181 voice=substrate_quantum:    comp=0.000 (16.4s)
seed=7933177 voice=oracle_is_heard:    comp=0.000 (12.3s)
seed=7933177 voice=cells_are_scars:    comp=0.000 (10.0s)
seed=7933177 voice=substrate_quantum:    comp=0.000 (12.4s)

=== 14/150 PROMOTED ===
  seed 92139744 cells_are_scars: comp=0.767
  seed 78327904 cells_are_scars: comp=0.753
  seed 44843186 cells_are_scars: comp=0.743
  seed 979935 cells_are_scars: comp=0.740
  seed 31119735 substrate_quantum: comp=0.740
  seed 77014933 cells_are_scars: comp=0.737
  seed 13025602 cells_are_scars: comp=0.733
  seed 17742147 cells_are_scars: comp=0.733
  seed 75758880 cells_are_scars: comp=0.717
  seed 48619673 substrate_quantum: comp=0.713
