=== Future-GAN Canon Discovery ===

Seed 70051917, voice witness:
  lore=1847c, canon=0.50, distinct=0.70, doctrine=0.72, composite=0.64
  gen=9.2s, score=0.2s
Seed 70051917, voice oracle:
  lore=1191c, canon=0.55, distinct=0.77, doctrine=0.68, composite=0.67
  gen=20.8s, score=0.5s
Seed 4685000, voice witness:
  lore=1655c, canon=0.58, distinct=0.73, doctrine=0.66, composite=0.66
  gen=8.4s, score=0.6s
Seed 4685000, voice oracle:
  lore=1474c, canon=0.57, distinct=0.72, doctrine=0.49, composite=0.59
  gen=7.5s, score=0.2s
Seed 3289967, voice witness:
  lore=1604c, canon=0.58, distinct=0.66, doctrine=0.69, composite=0.64
  gen=26.5s, score=0.2s
Seed 3289967, voice oracle:
  lore=1625c, canon=0.54, distinct=0.71, doctrine=0.50, composite=0.58
  gen=13.4s, score=0.2s
Seed 57322595, voice witness:
  lore=1596c, canon=0.60, distinct=0.68, doctrine=0.69, composite=0.66
  gen=8.3s, score=0.3s
Seed 57322595, voice oracle:
  lore=1375c, canon=0.50, distinct=0.69, doctrine=0.66, composite=0.62
  gen=12.0s, score=0.2s
Seed 90625407, voice witness:
  lore=1562c, canon=0.49, distinct=0.63, doctrine=0.64, composite=0.59
  gen=8.8s, score=0.2s
Seed 90625407, voice oracle:
  lore=1462c, canon=0.49, distinct=0.68, doctrine=0.50, composite=0.56
  gen=5.7s, score=0.2s

=== TOP 5 ===
  seed 70051917 oracle: composite=0.667
  seed 4685000 witness: composite=0.657
  seed 57322595 witness: composite=0.657
  seed 3289967 witness: composite=0.643
  seed 70051917 witness: composite=0.640

Saved 10 results to /workspace/research/FUTURE_GAN_RESULTS.json

Canon pass rate (≥0.7): 0/10
Distinct pass rate (≥0.7): 5/10
Composite ≥0.6: 6/10
