=== Stability Probe: canon-promoted cells × 2 batches ===

Probing 15 canon-promoted cells...
[1/15] doctrine-witness-90625407-2026-09-22-113...
  UNSTABLE: A=0.683 B=0.690 var=0.007
[2/15] doctrine-witness-future-gan-v2-6358192-2026-09-22-...
  UNSTABLE: A=0.660 B=0.677 var=0.017
[3/15] doctrine-witness-future-gan-v2-1504276-2026-09-22-...
  UNSTABLE: A=0.660 B=0.663 var=0.003
[4/15] doctrine-witness-future-gan-v2-45919340-2026-09-22...
  UNSTABLE: A=0.680 B=0.667 var=0.013
[5/15] doctrine-witness-future-gan-v2-57322595-2026-09-22...
  UNSTABLE: A=0.650 B=0.650 var=0.000
[6/15] doctrine-witness-zai-oracle-70051917-2026-09-22-12...
  STABLE: A=0.810 B=0.803 var=0.007
[7/15] doctrine-witness-zai-essay-70051917-2026-09-22-125...
  STABLE: A=0.723 B=0.720 var=0.003
[8/15] doctrine-witness_log_is_prediction-seed-18437566-2...
  UNSTABLE: A=0.680 B=0.677 var=0.003
[9/15] doctrine-cells_are_scars-seed-90625407-2026-09-22-...
  UNSTABLE: A=0.663 B=0.687 var=0.023
[10/15] doctrine-cells_are_scars-seed-6358192-2026-09-22-1...
  STABLE: A=0.707 B=0.703 var=0.003
[11/15] doctrine-cells_are_scars-seed-1504276-2026-09-22-1...
  UNSTABLE: A=0.667 B=0.667 var=0.000
[12/15] doctrine-substrate_quantum-seed-90625407-2026-09-2...
  UNSTABLE: A=0.697 B=0.697 var=0.000
[13/15] doctrine-substrate_quantum-seed-6358192-2026-09-22...
  UNSTABLE: A=0.657 B=0.657 var=0.000
[14/15] doctrine-substrate_quantum-seed-45919340-2026-09-2...
  UNSTABLE: A=0.653 B=0.670 var=0.017
[15/15] doctrine-substrate_quantum-seed-18437566-2026-09-2...
  UNSTABLE: A=0.673 B=0.670 var=0.003

=== 3/15 canon-promoted cells are STABLE (both probes composite ≥ 0.7) ===
Average composite variance: 0.007
