Computing statevectors...
Quantum State Modulation
Number of qubits required: 10

5 qubits for time
5 qubits for amplitude
  canon 70051917 ok
Number of qubits required: 10

5 qubits for time
5 qubits for amplitude
  canon 4685000 ok
Number of qubits required: 10

5 qubits for time
5 qubits for amplitude
  canon 3289967 ok
Number of qubits required: 10

5 qubits for time
5 qubits for amplitude
  canon 57322595 ok
Number of qubits required: 10

5 qubits for time
5 qubits for amplitude
  canon 90625407 ok
Number of qubits required: 10

5 qubits for time
5 qubits for amplitude
  canon 1504276 ok
Number of qubits required: 10

5 qubits for time
5 qubits for amplitude
  canon 14608133 ok
Number of qubits required: 10

5 qubits for time
5 qubits for amplitude
  canon 18437566 ok
Number of qubits required: 10

5 qubits for time
5 qubits for amplitude
  canon 79279361 ok
Number of qubits required: 10

5 qubits for time
5 qubits for amplitude
  canon 6358192 ok
Number of qubits required: 10

5 qubits for time
5 qubits for amplitude
  canon 13328051 ok
Number of qubits required: 10

5 qubits for time
5 qubits for amplitude
  canon 17759001 ok
Number of qubits required: 10

5 qubits for time
5 qubits for amplitude
  canon 28692206 ok
Number of qubits required: 10

5 qubits for time
5 qubits for amplitude
  canon 30264850 ok
Number of qubits required: 10

5 qubits for time
5 qubits for amplitude
  canon 45919340 ok
Number of qubits required: 10

5 qubits for time
5 qubits for amplitude
  canon 48680865 ok
Number of qubits required: 10

5 qubits for time
5 qubits for amplitude
  canon 63605960 ok
Number of qubits required: 10

5 qubits for time
5 qubits for amplitude
  canon 78059087 ok
Number of qubits required: 10

5 qubits for time
5 qubits for amplitude
  canon 97054056 ok
Number of qubits required: 10

5 qubits for time
5 qubits for amplitude
  canon 302238 ok
Number of qubits required: 10

5 qubits for time
5 qubits for amplitude
  canon 550551 ok
Number of qubits required: 10

5 qubits for time
5 qubits for amplitude
  canon 662290 ok
Number of qubits required: 10

5 qubits for time
5 qubits for amplitude
  canon 2184160 ok
Number of qubits required: 10

5 qubits for time
5 qubits for amplitude
  canon 6426315 ok
Number of qubits required: 10

5 qubits for time
5 qubits for amplitude
  canon 7118707 ok
Number of qubits required: 10

5 qubits for time
5 qubits for amplitude
  canon 13694761 ok
Number of qubits required: 10

5 qubits for time
5 qubits for amplitude
  canon 152417070 ok
Number of qubits required: 10

5 qubits for time
5 qubits for amplitude
  canon 11414805 ok
Number of qubits required: 10

5 qubits for time
5 qubits for amplitude
  canon 16777171 ok
Number of qubits required: 10

5 qubits for time
5 qubits for amplitude
  canon 39509 ok
Number of qubits required: 10

5 qubits for time
5 qubits for amplitude
  random 85822413 ok
Number of qubits required: 10

5 qubits for time
5 qubits for amplitude
  random 14942604 ok
Number of qubits required: 10

5 qubits for time
5 qubits for amplitude
  random 3356887 ok
Number of qubits required: 10

5 qubits for time
5 qubits for amplitude
  random 99529224 ok
Number of qubits required: 10

5 qubits for time
5 qubits for amplitude
  random 36913811 ok
Number of qubits required: 10

5 qubits for time
5 qubits for amplitude
  random 32868829 ok
Number of qubits required: 10

5 qubits for time
5 qubits for amplitude
  random 29958839 ok
Number of qubits required: 10

5 qubits for time
5 qubits for amplitude
  random 18728464 ok
Number of qubits required: 10

5 qubits for time
5 qubits for amplitude
  random 98847494 ok
Number of qubits required: 10

5 qubits for time
5 qubits for amplitude
  random 13756670 ok
Number of qubits required: 10

5 qubits for time
5 qubits for amplitude
  random 90825068 ok
Number of qubits required: 10

5 qubits for time
5 qubits for amplitude
  random 99410742 ok
Number of qubits required: 10

5 qubits for time
5 qubits for amplitude
  random 73197858 ok
Number of qubits required: 10

5 qubits for time
5 qubits for amplitude
  random 11668733 ok
Number of qubits required: 10

5 qubits for time
5 qubits for amplitude
  random 79254564 ok
Number of qubits required: 10

5 qubits for time
5 qubits for amplitude
  random 56629389 ok
Number of qubits required: 10

5 qubits for time
5 qubits for amplitude
  random 4265800 ok
Number of qubits required: 10

5 qubits for time
5 qubits for amplitude
  random 3999316 ok
Number of qubits required: 10

5 qubits for time
5 qubits for amplitude
  random 12575563 ok
Number of qubits required: 10

5 qubits for time
5 qubits for amplitude
  random 29345093 ok
Number of qubits required: 10

5 qubits for time
5 qubits for amplitude
  random 31227217 ok
Number of qubits required: 10

5 qubits for time
5 qubits for amplitude
  random 67827639 ok
Number of qubits required: 10

5 qubits for time
5 qubits for amplitude
  random 80801587 ok
Number of qubits required: 10

5 qubits for time
5 qubits for amplitude
  random 3561598 ok
Number of qubits required: 10

5 qubits for time
5 qubits for amplitude
  random 75329038 ok
Number of qubits required: 10

5 qubits for time
5 qubits for amplitude
  random 26687538 ok
Number of qubits required: 10

5 qubits for time
5 qubits for amplitude
  random 96102526 ok
Number of qubits required: 10

5 qubits for time
5 qubits for amplitude
  random 87226013 ok
Number of qubits required: 10

5 qubits for time
5 qubits for amplitude
  random 94130245 ok
Number of qubits required: 10

5 qubits for time
5 qubits for amplitude
  random 73140808 ok

=== FIDELITY DISTRIBUTIONS ===
Canon-canon (n=435): mean=0.0046 std=0.0677
Random-random (n=435): mean=0.0023 std=0.0479
Canon-random (n=900): mean=0.0044 std=0.0666

High-fidelity canon pairs (F>0.5): 2/435
  seeds 13328051, 7118707: F=1.0000
  seeds 63605960, 662290: F=1.0000

Saved fidelity_clustering.json
