Measuring canon seeds (100)...
Quantum State Modulation
Number of qubits required: 10

5 qubits for time
5 qubits for amplitude
  1/100: seed=70051917 mcx=60
Number of qubits required: 10

5 qubits for time
5 qubits for amplitude
Number of qubits required: 10

5 qubits for time
5 qubits for amplitude
Number of qubits required: 10

5 qubits for time
5 qubits for amplitude
Number of qubits required: 10

5 qubits for time
5 qubits for amplitude
Number of qubits required: 10

5 qubits for time
5 qubits for amplitude
Number of qubits required: 10

5 qubits for time
5 qubits for amplitude
Number of qubits required: 10

5 qubits for time
5 qubits for amplitude
Number of qubits required: 10

5 qubits for time
5 qubits for amplitude
Number of qubits required: 10

5 qubits for time
5 qubits for amplitude
Number of qubits required: 10

5 qubits for time
5 qubits for amplitude
Number of qubits required: 10

5 qubits for time
5 qubits for amplitude
Number of qubits required: 10

5 qubits for time
5 qubits for amplitude
Number of qubits required: 10

5 qubits for time
5 qubits for amplitude
Number of qubits required: 10

5 qubits for time
5 qubits for amplitude
Number of qubits required: 10

5 qubits for time
5 qubits for amplitude
Number of qubits required: 10

5 qubits for time
5 qubits for amplitude
Number of qubits required: 10

5 qubits for time
5 qubits for amplitude
Number of qubits required: 10

5 qubits for time
5 qubits for amplitude
Number of qubits required: 10

5 qubits for time
5 qubits for amplitude
Number of qubits required: 10

5 qubits for time
5 qubits for amplitude
  21/100: seed=550551 mcx=76
Number of qubits required: 10

5 qubits for time
5 qubits for amplitude
Number of qubits required: 10

5 qubits for time
5 qubits for amplitude
Number of qubits required: 10

5 qubits for time
5 qubits for amplitude
Number of qubits required: 10

5 qubits for time
5 qubits for amplitude
Number of qubits required: 10

5 qubits for time
5 qubits for amplitude
Number of qubits required: 10

5 qubits for time
5 qubits for amplitude
Number of qubits required: 10

5 qubits for time
5 qubits for amplitude
Number of qubits required: 10

5 qubits for time
5 qubits for amplitude
Number of qubits required: 10

5 qubits for time
5 qubits for amplitude
Number of qubits required: 10

5 qubits for time
5 qubits for amplitude
Number of qubits required: 10

5 qubits for time
5 qubits for amplitude
Number of qubits required: 10

5 qubits for time
5 qubits for amplitude
Number of qubits required: 10

5 qubits for time
5 qubits for amplitude
Number of qubits required: 10

5 qubits for time
5 qubits for amplitude
Number of qubits required: 10

5 qubits for time
5 qubits for amplitude
Number of qubits required: 10

5 qubits for time
5 qubits for amplitude
Number of qubits required: 10

5 qubits for time
5 qubits for amplitude
Number of qubits required: 10

5 qubits for time
5 qubits for amplitude
Number of qubits required: 10

5 qubits for time
5 qubits for amplitude
Number of qubits required: 10

5 qubits for time
5 qubits for amplitude
  41/100: seed=995930 mcx=85
Number of qubits required: 10

5 qubits for time
5 qubits for amplitude
Number of qubits required: 10

5 qubits for time
5 qubits for amplitude
Number of qubits required: 10

5 qubits for time
5 qubits for amplitude
Number of qubits required: 10

5 qubits for time
5 qubits for amplitude
Number of qubits required: 10

5 qubits for time
5 qubits for amplitude
Number of qubits required: 10

5 qubits for time
5 qubits for amplitude
Number of qubits required: 10

5 qubits for time
5 qubits for amplitude
Number of qubits required: 10

5 qubits for time
5 qubits for amplitude
Number of qubits required: 10

5 qubits for time
5 qubits for amplitude
Number of qubits required: 10

5 qubits for time
5 qubits for amplitude
Number of qubits required: 10

5 qubits for time
5 qubits for amplitude
Number of qubits required: 10

5 qubits for time
5 qubits for amplitude
Number of qubits required: 10

5 qubits for time
5 qubits for amplitude
Number of qubits required: 10

5 qubits for time
5 qubits for amplitude
Number of qubits required: 10

5 qubits for time
5 qubits for amplitude
Number of qubits required: 10

5 qubits for time
5 qubits for amplitude
Number of qubits required: 10

5 qubits for time
5 qubits for amplitude
Number of qubits required: 10

5 qubits for time
5 qubits for amplitude
Number of qubits required: 10

5 qubits for time
5 qubits for amplitude
Number of qubits required: 10

5 qubits for time
5 qubits for amplitude
  61/100: seed=39621 mcx=73
Number of qubits required: 10

5 qubits for time
5 qubits for amplitude
Number of qubits required: 10

5 qubits for time
5 qubits for amplitude
Number of qubits required: 10

5 qubits for time
5 qubits for amplitude
Number of qubits required: 10

5 qubits for time
5 qubits for amplitude
Number of qubits required: 10

5 qubits for time
5 qubits for amplitude
Number of qubits required: 10

5 qubits for time
5 qubits for amplitude
Number of qubits required: 10

5 qubits for time
5 qubits for amplitude
Number of qubits required: 10

5 qubits for time
5 qubits for amplitude
Number of qubits required: 10

5 qubits for time
5 qubits for amplitude
Number of qubits required: 10

5 qubits for time
5 qubits for amplitude
Number of qubits required: 10

5 qubits for time
5 qubits for amplitude
Number of qubits required: 10

5 qubits for time
5 qubits for amplitude
Number of qubits required: 10

5 qubits for time
5 qubits for amplitude
Number of qubits required: 10

5 qubits for time
5 qubits for amplitude
Number of qubits required: 10

5 qubits for time
5 qubits for amplitude
Number of qubits required: 10

5 qubits for time
5 qubits for amplitude
Number of qubits required: 10

5 qubits for time
5 qubits for amplitude
Number of qubits required: 10

5 qubits for time
5 qubits for amplitude
Number of qubits required: 10

5 qubits for time
5 qubits for amplitude
Number of qubits required: 10

5 qubits for time
5 qubits for amplitude
  81/100: seed=3868371 mcx=86
Number of qubits required: 10

5 qubits for time
5 qubits for amplitude
Number of qubits required: 10

5 qubits for time
5 qubits for amplitude
Number of qubits required: 10

5 qubits for time
5 qubits for amplitude
Number of qubits required: 10

5 qubits for time
5 qubits for amplitude
Number of qubits required: 10

5 qubits for time
5 qubits for amplitude
Number of qubits required: 10

5 qubits for time
5 qubits for amplitude
Number of qubits required: 10

5 qubits for time
5 qubits for amplitude
Number of qubits required: 10

5 qubits for time
5 qubits for amplitude
Number of qubits required: 10

5 qubits for time
5 qubits for amplitude
Number of qubits required: 10

5 qubits for time
5 qubits for amplitude
Number of qubits required: 10

5 qubits for time
5 qubits for amplitude
Number of qubits required: 10

5 qubits for time
5 qubits for amplitude
Number of qubits required: 10

5 qubits for time
5 qubits for amplitude
Number of qubits required: 10

5 qubits for time
5 qubits for amplitude
Number of qubits required: 10

5 qubits for time
5 qubits for amplitude
Number of qubits required: 10

5 qubits for time
5 qubits for amplitude
Number of qubits required: 10

5 qubits for time
5 qubits for amplitude
Number of qubits required: 10

5 qubits for time
5 qubits for amplitude
Number of qubits required: 10

5 qubits for time
5 qubits for amplitude
Canon done in 1.7s

Measuring random seeds (200)...
Number of qubits required: 10

5 qubits for time
5 qubits for amplitude
  1/200: seed=85822413 mcx=67
Number of qubits required: 10

5 qubits for time
5 qubits for amplitude
Number of qubits required: 10

5 qubits for time
5 qubits for amplitude
Number of qubits required: 10

5 qubits for time
5 qubits for amplitude
Number of qubits required: 10

5 qubits for time
5 qubits for amplitude
Number of qubits required: 10

5 qubits for time
5 qubits for amplitude
Number of qubits required: 10

5 qubits for time
5 qubits for amplitude
Number of qubits required: 10

5 qubits for time
5 qubits for amplitude
Number of qubits required: 10

5 qubits for time
5 qubits for amplitude
Number of qubits required: 10

5 qubits for time
5 qubits for amplitude
Number of qubits required: 10

5 qubits for time
5 qubits for amplitude
Number of qubits required: 10

5 qubits for time
5 qubits for amplitude
Number of qubits required: 10

5 qubits for time
5 qubits for amplitude
Number of qubits required: 10

5 qubits for time
5 qubits for amplitude
Number of qubits required: 10

5 qubits for time
5 qubits for amplitude
Number of qubits required: 10

5 qubits for time
5 qubits for amplitude
Number of qubits required: 10

5 qubits for time
5 qubits for amplitude
Number of qubits required: 10

5 qubits for time
5 qubits for amplitude
Number of qubits required: 10

5 qubits for time
5 qubits for amplitude
Number of qubits required: 10

5 qubits for time
5 qubits for amplitude
Number of qubits required: 10

5 qubits for time
5 qubits for amplitude
  21/200: seed=31227217 mcx=67
Number of qubits required: 10

5 qubits for time
5 qubits for amplitude
Number of qubits required: 10

5 qubits for time
5 qubits for amplitude
Number of qubits required: 10

5 qubits for time
5 qubits for amplitude
Number of qubits required: 10

5 qubits for time
5 qubits for amplitude
Number of qubits required: 10

5 qubits for time
5 qubits for amplitude
Number of qubits required: 10

5 qubits for time
5 qubits for amplitude
Number of qubits required: 10

5 qubits for time
5 qubits for amplitude
Number of qubits required: 10

5 qubits for time
5 qubits for amplitude
Number of qubits required: 10

5 qubits for time
5 qubits for amplitude
Number of qubits required: 10

5 qubits for time
5 qubits for amplitude
Number of qubits required: 10

5 qubits for time
5 qubits for amplitude
Number of qubits required: 10

5 qubits for time
5 qubits for amplitude
Number of qubits required: 10

5 qubits for time
5 qubits for amplitude
Number of qubits required: 10

5 qubits for time
5 qubits for amplitude
Number of qubits required: 10

5 qubits for time
5 qubits for amplitude
Number of qubits required: 10

5 qubits for time
5 qubits for amplitude
Number of qubits required: 10

5 qubits for time
5 qubits for amplitude
Number of qubits required: 10

5 qubits for time
5 qubits for amplitude
Number of qubits required: 10

5 qubits for time
5 qubits for amplitude
Number of qubits required: 10

5 qubits for time
5 qubits for amplitude
  41/200: seed=37295261 mcx=78
Number of qubits required: 10

5 qubits for time
5 qubits for amplitude
Number of qubits required: 10

5 qubits for time
5 qubits for amplitude
Number of qubits required: 10

5 qubits for time
5 qubits for amplitude
Number of qubits required: 10

5 qubits for time
5 qubits for amplitude
Number of qubits required: 10

5 qubits for time
5 qubits for amplitude
Number of qubits required: 10

5 qubits for time
5 qubits for amplitude
Number of qubits required: 10

5 qubits for time
5 qubits for amplitude
Number of qubits required: 10

5 qubits for time
5 qubits for amplitude
Number of qubits required: 10

5 qubits for time
5 qubits for amplitude
Number of qubits required: 10

5 qubits for time
5 qubits for amplitude
Number of qubits required: 10

5 qubits for time
5 qubits for amplitude
Number of qubits required: 10

5 qubits for time
5 qubits for amplitude
Number of qubits required: 10

5 qubits for time
5 qubits for amplitude
Number of qubits required: 10

5 qubits for time
5 qubits for amplitude
Number of qubits required: 10

5 qubits for time
5 qubits for amplitude
Number of qubits required: 10

5 qubits for time
5 qubits for amplitude
Number of qubits required: 10

5 qubits for time
5 qubits for amplitude
Number of qubits required: 10

5 qubits for time
5 qubits for amplitude
Number of qubits required: 10

5 qubits for time
5 qubits for amplitude
Number of qubits required: 10

5 qubits for time
5 qubits for amplitude
  61/200: seed=39349723 mcx=68
Number of qubits required: 10

5 qubits for time
5 qubits for amplitude
Number of qubits required: 10

5 qubits for time
5 qubits for amplitude
Number of qubits required: 10

5 qubits for time
5 qubits for amplitude
Number of qubits required: 10

5 qubits for time
5 qubits for amplitude
Number of qubits required: 10

5 qubits for time
5 qubits for amplitude
Number of qubits required: 10

5 qubits for time
5 qubits for amplitude
Number of qubits required: 10

5 qubits for time
5 qubits for amplitude
Number of qubits required: 10

5 qubits for time
5 qubits for amplitude
Number of qubits required: 10

5 qubits for time
5 qubits for amplitude
Number of qubits required: 10

5 qubits for time
5 qubits for amplitude
Number of qubits required: 10

5 qubits for time
5 qubits for amplitude
Number of qubits required: 10

5 qubits for time
5 qubits for amplitude
Number of qubits required: 10

5 qubits for time
5 qubits for amplitude
Number of qubits required: 10

5 qubits for time
5 qubits for amplitude
Number of qubits required: 10

5 qubits for time
5 qubits for amplitude
Number of qubits required: 10

5 qubits for time
5 qubits for amplitude
Number of qubits required: 10

5 qubits for time
5 qubits for amplitude
Number of qubits required: 10

5 qubits for time
5 qubits for amplitude
Number of qubits required: 10

5 qubits for time
5 qubits for amplitude
Number of qubits required: 10

5 qubits for time
5 qubits for amplitude
  81/200: seed=21831064 mcx=62
Number of qubits required: 10

5 qubits for time
5 qubits for amplitude
Number of qubits required: 10

5 qubits for time
5 qubits for amplitude
Number of qubits required: 10

5 qubits for time
5 qubits for amplitude
Number of qubits required: 10

5 qubits for time
5 qubits for amplitude
Number of qubits required: 10

5 qubits for time
5 qubits for amplitude
Number of qubits required: 10

5 qubits for time
5 qubits for amplitude
Number of qubits required: 10

5 qubits for time
5 qubits for amplitude
Number of qubits required: 10

5 qubits for time
5 qubits for amplitude
Number of qubits required: 10

5 qubits for time
5 qubits for amplitude
Number of qubits required: 10

5 qubits for time
5 qubits for amplitude
Number of qubits required: 10

5 qubits for time
5 qubits for amplitude
Number of qubits required: 10

5 qubits for time
5 qubits for amplitude
Number of qubits required: 10

5 qubits for time
5 qubits for amplitude
Number of qubits required: 10

5 qubits for time
5 qubits for amplitude
Number of qubits required: 10

5 qubits for time
5 qubits for amplitude
Number of qubits required: 10

5 qubits for time
5 qubits for amplitude
Number of qubits required: 10

5 qubits for time
5 qubits for amplitude
Number of qubits required: 10

5 qubits for time
5 qubits for amplitude
Number of qubits required: 10

5 qubits for time
5 qubits for amplitude
Number of qubits required: 10

5 qubits for time
5 qubits for amplitude
  101/200: seed=85899314 mcx=71
Number of qubits required: 10

5 qubits for time
5 qubits for amplitude
Number of qubits required: 10

5 qubits for time
5 qubits for amplitude
Number of qubits required: 10

5 qubits for time
5 qubits for amplitude
Number of qubits required: 10

5 qubits for time
5 qubits for amplitude
Number of qubits required: 10

5 qubits for time
5 qubits for amplitude
Number of qubits required: 10

5 qubits for time
5 qubits for amplitude
Number of qubits required: 10

5 qubits for time
5 qubits for amplitude
Number of qubits required: 10

5 qubits for time
5 qubits for amplitude
Number of qubits required: 10

5 qubits for time
5 qubits for amplitude
Number of qubits required: 10

5 qubits for time
5 qubits for amplitude
Number of qubits required: 10

5 qubits for time
5 qubits for amplitude
Number of qubits required: 10

5 qubits for time
5 qubits for amplitude
Number of qubits required: 10

5 qubits for time
5 qubits for amplitude
Number of qubits required: 10

5 qubits for time
5 qubits for amplitude
Number of qubits required: 10

5 qubits for time
5 qubits for amplitude
Number of qubits required: 10

5 qubits for time
5 qubits for amplitude
Number of qubits required: 10

5 qubits for time
5 qubits for amplitude
Number of qubits required: 10

5 qubits for time
5 qubits for amplitude
Number of qubits required: 10

5 qubits for time
5 qubits for amplitude
Number of qubits required: 10

5 qubits for time
5 qubits for amplitude
  121/200: seed=53100815 mcx=69
Number of qubits required: 10

5 qubits for time
5 qubits for amplitude
Number of qubits required: 10

5 qubits for time
5 qubits for amplitude
Number of qubits required: 10

5 qubits for time
5 qubits for amplitude
Number of qubits required: 10

5 qubits for time
5 qubits for amplitude
Number of qubits required: 10

5 qubits for time
5 qubits for amplitude
Number of qubits required: 10

5 qubits for time
5 qubits for amplitude
Number of qubits required: 10

5 qubits for time
5 qubits for amplitude
Number of qubits required: 10

5 qubits for time
5 qubits for amplitude
Number of qubits required: 10

5 qubits for time
5 qubits for amplitude
Number of qubits required: 10

5 qubits for time
5 qubits for amplitude
Number of qubits required: 10

5 qubits for time
5 qubits for amplitude
Number of qubits required: 10

5 qubits for time
5 qubits for amplitude
Number of qubits required: 10

5 qubits for time
5 qubits for amplitude
Number of qubits required: 10

5 qubits for time
5 qubits for amplitude
Number of qubits required: 10

5 qubits for time
5 qubits for amplitude
Number of qubits required: 10

5 qubits for time
5 qubits for amplitude
Number of qubits required: 10

5 qubits for time
5 qubits for amplitude
Number of qubits required: 10

5 qubits for time
5 qubits for amplitude
Number of qubits required: 10

5 qubits for time
5 qubits for amplitude
Number of qubits required: 10

5 qubits for time
5 qubits for amplitude
  141/200: seed=12201655 mcx=86
Number of qubits required: 10

5 qubits for time
5 qubits for amplitude
Number of qubits required: 10

5 qubits for time
5 qubits for amplitude
Number of qubits required: 10

5 qubits for time
5 qubits for amplitude
Number of qubits required: 10

5 qubits for time
5 qubits for amplitude
Number of qubits required: 10

5 qubits for time
5 qubits for amplitude
Number of qubits required: 10

5 qubits for time
5 qubits for amplitude
Number of qubits required: 10

5 qubits for time
5 qubits for amplitude
Number of qubits required: 10

5 qubits for time
5 qubits for amplitude
Number of qubits required: 10

5 qubits for time
5 qubits for amplitude
Number of qubits required: 10

5 qubits for time
5 qubits for amplitude
Number of qubits required: 10

5 qubits for time
5 qubits for amplitude
Number of qubits required: 10

5 qubits for time
5 qubits for amplitude
Number of qubits required: 10

5 qubits for time
5 qubits for amplitude
Number of qubits required: 10

5 qubits for time
5 qubits for amplitude
Number of qubits required: 10

5 qubits for time
5 qubits for amplitude
Number of qubits required: 10

5 qubits for time
5 qubits for amplitude
Number of qubits required: 10

5 qubits for time
5 qubits for amplitude
Number of qubits required: 10

5 qubits for time
5 qubits for amplitude
Number of qubits required: 10

5 qubits for time
5 qubits for amplitude
Number of qubits required: 10

5 qubits for time
5 qubits for amplitude
  161/200: seed=15374875 mcx=73
Number of qubits required: 10

5 qubits for time
5 qubits for amplitude
Number of qubits required: 10

5 qubits for time
5 qubits for amplitude
Number of qubits required: 10

5 qubits for time
5 qubits for amplitude
Number of qubits required: 10

5 qubits for time
5 qubits for amplitude
Number of qubits required: 10

5 qubits for time
5 qubits for amplitude
Number of qubits required: 10

5 qubits for time
5 qubits for amplitude
Number of qubits required: 10

5 qubits for time
5 qubits for amplitude
Number of qubits required: 10

5 qubits for time
5 qubits for amplitude
Number of qubits required: 10

5 qubits for time
5 qubits for amplitude
Number of qubits required: 10

5 qubits for time
5 qubits for amplitude
Number of qubits required: 10

5 qubits for time
5 qubits for amplitude
Number of qubits required: 10

5 qubits for time
5 qubits for amplitude
Number of qubits required: 10

5 qubits for time
5 qubits for amplitude
Number of qubits required: 10

5 qubits for time
5 qubits for amplitude
Number of qubits required: 10

5 qubits for time
5 qubits for amplitude
Number of qubits required: 10

5 qubits for time
5 qubits for amplitude
Number of qubits required: 10

5 qubits for time
5 qubits for amplitude
Number of qubits required: 10

5 qubits for time
5 qubits for amplitude
Number of qubits required: 10

5 qubits for time
5 qubits for amplitude
Number of qubits required: 10

5 qubits for time
5 qubits for amplitude
  181/200: seed=40056582 mcx=85
Number of qubits required: 10

5 qubits for time
5 qubits for amplitude
Number of qubits required: 10

5 qubits for time
5 qubits for amplitude
Number of qubits required: 10

5 qubits for time
5 qubits for amplitude
Number of qubits required: 10

5 qubits for time
5 qubits for amplitude
Number of qubits required: 10

5 qubits for time
5 qubits for amplitude
Number of qubits required: 10

5 qubits for time
5 qubits for amplitude
Number of qubits required: 10

5 qubits for time
5 qubits for amplitude
Number of qubits required: 10

5 qubits for time
5 qubits for amplitude
Number of qubits required: 10

5 qubits for time
5 qubits for amplitude
Number of qubits required: 10

5 qubits for time
5 qubits for amplitude
Number of qubits required: 10

5 qubits for time
5 qubits for amplitude
Number of qubits required: 10

5 qubits for time
5 qubits for amplitude
Number of qubits required: 10

5 qubits for time
5 qubits for amplitude
Number of qubits required: 10

5 qubits for time
5 qubits for amplitude
Number of qubits required: 10

5 qubits for time
5 qubits for amplitude
Number of qubits required: 10

5 qubits for time
5 qubits for amplitude
Number of qubits required: 10

5 qubits for time
5 qubits for amplitude
Number of qubits required: 10

5 qubits for time
5 qubits for amplitude
Number of qubits required: 10

5 qubits for time
5 qubits for amplitude
Random done in 1.7s

=== RESULTS ===
Canon n=100: MCX mean=71.93 std=9.89
Random n=200: MCX mean=72.50 std=9.58
Difference: 0.57 (positive = canon simpler)
Welch's t: -0.480
Cohen's d: 0.059
Depth: canon=135.93, random=136.50
Size: canon=246.93, random=247.50

Saved large_mcx_study.json
